Steam_scrapper/Database_of_items_price/AK-47 _ Vulcan Field-Tested.csv
Date,Price,Quantity Sold,exterior,rarity
May 02 2014 01: +0,155.429,32,Field-Tested,Covert
May 03 2014 01: +0,117.778,52,Field-Tested,Covert
May 04 2014 01: +0,96.456,65,Field-Tested,Covert
May 05 2014 01: +0,94.184,51,Field-Tested,Covert
May 06 2014 01: +0,86.398,46,Field-Tested,Covert
May 07 2014 01: +0,83.758,50,Field-Tested,Covert
May 08 2014 01: +0,80.902,47,Field-Tested,Covert
May 09 2014 01: +0,79.275,56,Field-Tested,Covert
May 10 2014 01: +0,74.113,55,Field-Tested,Covert
May 11 2014 01: +0,66.273,59,Field-Tested,Covert
May 12 2014 01: +0,62.021,49,Field-Tested,Covert
May 13 2014 01: +0,61.703,61,Field-Tested,Covert
May 14 2014 01: +0,66.027,55,Field-Tested,Covert
May 15 2014 01: +0,66.382,70,Field-Tested,Covert
May 16 2014 01: +0,67.559,62,Field-Tested,Covert
May 17 2014 01: +0,63.44,61,Field-Tested,Covert
May 18 2014 01: +0,55.682,78,Field-Tested,Covert
May 19 2014 01: +0,58.372,58,Field-Tested,Covert
May 20 2014 01: +0,60.64,57,Field-Tested,Covert
May 21 2014 01: +0,57.523,65,Field-Tested,Covert
May 22 2014 01: +0,61.457,71,Field-Tested,Covert
May 23 2014 01: +0,61.341,70,Field-Tested,Covert
May 24 2014 01: +0,58.507,67,Field-Tested,Covert
May 25 2014 01: +0,55.566,82,Field-Tested,Covert
May 26 2014 01: +0,53.722,77,Field-Tested,Covert
May 27 2014 01: +0,55.323,65,Field-Tested,Covert
May 28 2014 01: +0,52.814,87,Field-Tested,Covert
May 29 2014 01: +0,53.21,85,Field-Tested,Covert
May 30 2014 01: +0,54.719,71,Field-Tested,Covert
May 31 2014 01: +0,51.361,79,Field-Tested,Covert
Jun 01 2014 01: +0,52.713,77,Field-Tested,Covert
Jun 02 2014 01: +0,51.179,84,Field-Tested,Covert
Jun 03 2014 01: +0,49.657,69,Field-Tested,Covert
Jun 04 2014 01: +0,51.12,79,Field-Tested,Covert
Jun 05 2014 01: +0,51.887,69,Field-Tested,Covert
Jun 06 2014 01: +0,48.799,71,Field-Tested,Covert
Jun 07 2014 01: +0,47.432,91,Field-Tested,Covert
Jun 08 2014 01: +0,46.519,95,Field-Tested,Covert
Jun 09 2014 01: +0,47.729,83,Field-Tested,Covert
Jun 10 2014 01: +0,46.629,92,Field-Tested,Covert
Jun 11 2014 01: +0,49.19,71,Field-Tested,Covert
Jun 12 2014 01: +0,45.288,129,Field-Tested,Covert
Jun 13 2014 01: +0,45.241,120,Field-Tested,Covert
Jun 14 2014 01: +0,46.786,116,Field-Tested,Covert
Jun 15 2014 01: +0,47.677,112,Field-Tested,Covert
Jun 16 2014 01: +0,49.487,110,Field-Tested,Covert
Jun 17 2014 01: +0,46.906,106,Field-Tested,Covert
Jun 18 2014 01: +0,46.937,89,Field-Tested,Covert
Jun 19 2014 01: +0,44.585,97,Field-Tested,Covert
Jun 20 2014 01: +0,41.688,105,Field-Tested,Covert
Jun 21 2014 01: +0,41.005,107,Field-Tested,Covert
Jun 22 2014 01: +0,41.222,113,Field-Tested,Covert
Jun 23 2014 01: +0,40.27,93,Field-Tested,Covert
Jun 24 2014 01: +0,40.806,97,Field-Tested,Covert
Jun 25 2014 01: +0,40.62,109,Field-Tested,Covert
Jun 26 2014 01: +0,40.573,92,Field-Tested,Covert
Jun 27 2014 01: +0,44.842,102,Field-Tested,Covert
Jun 28 2014 01: +0,47.809,107,Field-Tested,Covert
Jun 29 2014 01: +0,45.236,121,Field-Tested,Covert
Jun 30 2014 01: +0,45.793,115,Field-Tested,Covert
Jul 01 2014 01: +0,47.414,117,Field-Tested,Covert
Jul 02 2014 01: +0,37.981,162,Field-Tested,Covert
Jul 03 2014 01: +0,40.218,119,Field-Tested,Covert
Jul 04 2014 01: +0,42.892,114,Field-Tested,Covert
Jul 05 2014 01: +0,43.857,101,Field-Tested,Covert
Jul 06 2014 01: +0,45.907,97,Field-Tested,Covert
Jul 07 2014 01: +0,44.785,118,Field-Tested,Covert
Jul 08 2014 01: +0,47.63,86,Field-Tested,Covert
Jul 09 2014 01: +0,46.471,110,Field-Tested,Covert
Jul 10 2014 01: +0,47.461,106,Field-Tested,Covert
Jul 11 2014 01: +0,44.058,145,Field-Tested,Covert
Jul 12 2014 01: +0,42.891,117,Field-Tested,Covert
Jul 13 2014 01: +0,42.827,120,Field-Tested,Covert
Jul 14 2014 01: +0,44.148,146,Field-Tested,Covert
Jul 15 2014 01: +0,45.967,137,Field-Tested,Covert
Jul 16 2014 01: +0,48.202,144,Field-Tested,Covert
Jul 17 2014 01: +0,46.347,119,Field-Tested,Covert
Jul 18 2014 01: +0,45.984,109,Field-Tested,Covert
Jul 19 2014 01: +0,46.493,118,Field-Tested,Covert
Jul 20 2014 01: +0,44.663,133,Field-Tested,Covert
Jul 21 2014 01: +0,44.406,134,Field-Tested,Covert
Jul 22 2014 01: +0,45.454,127,Field-Tested,Covert
Jul 23 2014 01: +0,46.814,124,Field-Tested,Covert
Jul 24 2014 01: +0,48.034,114,Field-Tested,Covert
Jul 25 2014 01: +0,48.464,152,Field-Tested,Covert
Jul 26 2014 01: +0,47.926,127,Field-Tested,Covert
Jul 27 2014 01: +0,48.007,139,Field-Tested,Covert
Jul 28 2014 01: +0,47.21,146,Field-Tested,Covert
Jul 29 2014 01: +0,49.117,162,Field-Tested,Covert
Jul 30 2014 01: +0,50.234,131,Field-Tested,Covert
Jul 31 2014 01: +0,50.935,164,Field-Tested,Covert
Aug 01 2014 01: +0,51.419,157,Field-Tested,Covert
Aug 02 2014 01: +0,54.022,124,Field-Tested,Covert
Aug 03 2014 01: +0,54.464,187,Field-Tested,Covert
Aug 04 2014 01: +0,51.662,159,Field-Tested,Covert
Aug 05 2014 01: +0,52.37,160,Field-Tested,Covert
Aug 06 2014 01: +0,53.057,119,Field-Tested,Covert
Aug 07 2014 01: +0,52.112,147,Field-Tested,Covert
Aug 08 2014 01: +0,53.113,152,Field-Tested,Covert
Aug 09 2014 01: +0,52.67,130,Field-Tested,Covert
Aug 10 2014 01: +0,53.503,128,Field-Tested,Covert
Aug 11 2014 01: +0,53.732,135,Field-Tested,Covert
Aug 12 2014 01: +0,54.732,146,Field-Tested,Covert
Aug 13 2014 01: +0,57.165,127,Field-Tested,Covert
Aug 14 2014 01: +0,58.129,158,Field-Tested,Covert
Aug 15 2014 01: +0,56.771,189,Field-Tested,Covert
Aug 16 2014 01: +0,57.899,157,Field-Tested,Covert
Aug 17 2014 01: +0,52.074,214,Field-Tested,Covert
Aug 18 2014 01: +0,53.108,177,Field-Tested,Covert
Aug 19 2014 01: +0,53.749,151,Field-Tested,Covert
Aug 20 2014 01: +0,54.175,157,Field-Tested,Covert
Aug 21 2014 01: +0,54.493,181,Field-Tested,Covert
Aug 22 2014 01: +0,55.506,153,Field-Tested,Covert
Aug 23 2014 01: +0,53.545,170,Field-Tested,Covert
Aug 24 2014 01: +0,54.866,166,Field-Tested,Covert
Aug 25 2014 01: +0,55.001,174,Field-Tested,Covert
Aug 26 2014 01: +0,56.792,186,Field-Tested,Covert
Aug 27 2014 01: +0,57.039,163,Field-Tested,Covert
Aug 28 2014 01: +0,57.994,181,Field-Tested,Covert
Aug 29 2014 01: +0,59.179,177,Field-Tested,Covert
Aug 30 2014 01: +0,59.187,186,Field-Tested,Covert
Aug 31 2014 01: +0,60.355,160,Field-Tested,Covert
Sep 01 2014 01: +0,61.181,157,Field-Tested,Covert
Sep 02 2014 01: +0,60.751,180,Field-Tested,Covert
Sep 03 2014 01: +0,59.659,142,Field-Tested,Covert
Sep 04 2014 01: +0,58.532,132,Field-Tested,Covert
Sep 05 2014 01: +0,57.993,181,Field-Tested,Covert
Sep 06 2014 01: +0,57.25,197,Field-Tested,Covert
Sep 07 2014 01: +0,57.731,166,Field-Tested,Covert
Sep 08 2014 01: +0,60.027,144,Field-Tested,Covert
Sep 09 2014 01: +0,59.515,137,Field-Tested,Covert
Sep 10 2014 01: +0,60.235,150,Field-Tested,Covert
Sep 11 2014 01: +0,62.498,181,Field-Tested,Covert
Sep 12 2014 01: +0,62.702,171,Field-Tested,Covert
Sep 13 2014 01: +0,63.114,176,Field-Tested,Covert
Sep 14 2014 01: +0,59.791,157,Field-Tested,Covert
Sep 15 2014 01: +0,60.204,153,Field-Tested,Covert
Sep 16 2014 01: +0,63.536,123,Field-Tested,Covert
Sep 17 2014 01: +0,61.947,155,Field-Tested,Covert
Sep 18 2014 01: +0,63.159,139,Field-Tested,Covert
Sep 19 2014 01: +0,62.412,161,Field-Tested,Covert
Sep 20 2014 01: +0,58.803,168,Field-Tested,Covert
Sep 21 2014 01: +0,57.703,145,Field-Tested,Covert
Sep 22 2014 01: +0,59.161,130,Field-Tested,Covert
Sep 23 2014 01: +0,58.964,127,Field-Tested,Covert
Sep 24 2014 01: +0,57.758,122,Field-Tested,Covert
Sep 25 2014 01: +0,57.894,128,Field-Tested,Covert
Sep 26 2014 01: +0,56.167,187,Field-Tested,Covert
Sep 27 2014 01: +0,55.063,173,Field-Tested,Covert
Sep 28 2014 01: +0,53.017,169,Field-Tested,Covert
Sep 29 2014 01: +0,54.399,163,Field-Tested,Covert
Sep 30 2014 01: +0,54.468,161,Field-Tested,Covert
Oct 01 2014 01: +0,51.791,182,Field-Tested,Covert
Oct 02 2014 01: +0,52.97,188,Field-Tested,Covert
Oct 03 2014 01: +0,53.58,178,Field-Tested,Covert
Oct 04 2014 01: +0,54.113,208,Field-Tested,Covert
Oct 05 2014 01: +0,53.377,187,Field-Tested,Covert
Oct 06 2014 01: +0,54.556,173,Field-Tested,Covert
Oct 07 2014 01: +0,52.841,154,Field-Tested,Covert
Oct 08 2014 01: +0,50.838,212,Field-Tested,Covert
Oct 09 2014 01: +0,52.348,203,Field-Tested,Covert
Oct 10 2014 01: +0,52.215,219,Field-Tested,Covert
Oct 11 2014 01: +0,51.991,220,Field-Tested,Covert
Oct 12 2014 01: +0,50.047,198,Field-Tested,Covert
Oct 13 2014 01: +0,50.275,186,Field-Tested,Covert
Oct 14 2014 01: +0,50.717,158,Field-Tested,Covert
Oct 15 2014 01: +0,49.933,164,Field-Tested,Covert
Oct 16 2014 01: +0,51.086,165,Field-Tested,Covert
Oct 17 2014 01: +0,48.339,220,Field-Tested,Covert
Oct 18 2014 01: +0,48.607,212,Field-Tested,Covert
Oct 19 2014 01: +0,48.517,211,Field-Tested,Covert
Oct 20 2014 01: +0,47.971,206,Field-Tested,Covert
Oct 21 2014 01: +0,46.839,177,Field-Tested,Covert
Oct 22 2014 01: +0,49.53,165,Field-Tested,Covert
Oct 23 2014 01: +0,48.954,200,Field-Tested,Covert
Oct 24 2014 01: +0,51.281,206,Field-Tested,Covert
Oct 25 2014 01: +0,52.164,202,Field-Tested,Covert
Oct 26 2014 01: +0,47.607,237,Field-Tested,Covert
Oct 27 2014 01: +0,45.43,207,Field-Tested,Covert
Oct 28 2014 01: +0,46.681,181,Field-Tested,Covert
Oct 29 2014 01: +0,43.978,213,Field-Tested,Covert
Oct 30 2014 01: +0,49.174,202,Field-Tested,Covert
Oct 31 2014 01: +0,47.702,263,Field-Tested,Covert
Nov 01 2014 01: +0,48.802,251,Field-Tested,Covert
Nov 02 2014 01: +0,45.54,248,Field-Tested,Covert
Nov 03 2014 01: +0,45.004,215,Field-Tested,Covert
Nov 04 2014 01: +0,43.141,211,Field-Tested,Covert
Nov 05 2014 01: +0,43.019,187,Field-Tested,Covert
Nov 06 2014 01: +0,42.97,200,Field-Tested,Covert
Nov 07 2014 01: +0,41.716,228,Field-Tested,Covert
Nov 08 2014 01: +0,42.419,231,Field-Tested,Covert
Nov 09 2014 01: +0,41.089,232,Field-Tested,Covert
Nov 10 2014 01: +0,41.171,238,Field-Tested,Covert
Nov 11 2014 01: +0,41.935,236,Field-Tested,Covert
Nov 12 2014 01: +0,37.499,378,Field-Tested,Covert
Nov 13 2014 01: +0,36.927,286,Field-Tested,Covert
Nov 14 2014 01: +0,38.009,271,Field-Tested,Covert
Nov 15 2014 01: +0,35.949,281,Field-Tested,Covert
Nov 16 2014 01: +0,36.333,269,Field-Tested,Covert
Nov 17 2014 01: +0,35.099,265,Field-Tested,Covert
Nov 18 2014 01: +0,35.557,237,Field-Tested,Covert
Nov 19 2014 01: +0,34.57,206,Field-Tested,Covert
Nov 20 2014 01: +0,33.296,216,Field-Tested,Covert
Nov 21 2014 01: +0,32.929,298,Field-Tested,Covert
Nov 22 2014 01: +0,34.23,289,Field-Tested,Covert
Nov 23 2014 01: +0,34.662,272,Field-Tested,Covert
Nov 24 2014 01: +0,33.321,245,Field-Tested,Covert
Nov 25 2014 01: +0,35.673,224,Field-Tested,Covert
Nov 26 2014 01: +0,37.092,247,Field-Tested,Covert
Nov 27 2014 01: +0,38.339,314,Field-Tested,Covert
Nov 28 2014 01: +0,39.205,298,Field-Tested,Covert
Nov 29 2014 01: +0,54.136,45,Field-Tested,Covert
Nov 30 2014 01: +0,35.8,508,Field-Tested,Covert
Dec 01 2014 01: +0,33.3,320,Field-Tested,Covert
Dec 02 2014 01: +0,35.743,287,Field-Tested,Covert
Dec 03 2014 01: +0,37.32,257,Field-Tested,Covert
Dec 04 2014 01: +0,38.123,231,Field-Tested,Covert
Dec 05 2014 01: +0,39.792,277,Field-Tested,Covert
Dec 06 2014 01: +0,40.513,302,Field-Tested,Covert
Dec 07 2014 01: +0,39.188,349,Field-Tested,Covert
Dec 08 2014 01: +0,38.337,258,Field-Tested,Covert
Dec 09 2014 01: +0,39.383,276,Field-Tested,Covert
Dec 10 2014 01: +0,37.713,293,Field-Tested,Covert
Dec 11 2014 01: +0,39.637,251,Field-Tested,Covert
Dec 12 2014 01: +0,40.694,274,Field-Tested,Covert
Dec 13 2014 01: +0,40.703,316,Field-Tested,Covert
Dec 14 2014 01: +0,39.369,305,Field-Tested,Covert
Dec 15 2014 01: +0,39.772,264,Field-Tested,Covert
Dec 16 2014 01: +0,38.714,285,Field-Tested,Covert
Dec 17 2014 01: +0,38.504,315,Field-Tested,Covert
Dec 18 2014 01: +0,37.946,341,Field-Tested,Covert
Dec 19 2014 01: +0,39.812,321,Field-Tested,Covert
Dec 20 2014 01: +0,39.909,317,Field-Tested,Covert
Dec 21 2014 01: +0,39.626,327,Field-Tested,Covert
Dec 22 2014 01: +0,38.586,330,Field-Tested,Covert
Dec 23 2014 01: +0,39.882,293,Field-Tested,Covert
Dec 24 2014 01: +0,40.992,415,Field-Tested,Covert
Dec 25 2014 01: +0,45.025,503,Field-Tested,Covert
Dec 26 2014 01: +0,45.641,435,Field-Tested,Covert
Dec 27 2014 01: +0,44.713,435,Field-Tested,Covert
Dec 28 2014 01: +0,44.359,363,Field-Tested,Covert
Dec 29 2014 01: +0,43.545,395,Field-Tested,Covert
Dec 30 2014 01: +0,45.231,351,Field-Tested,Covert
Dec 31 2014 01: +0,43.772,353,Field-Tested,Covert
Jan 01 2015 01: +0,43.576,283,Field-Tested,Covert
Jan 02 2015 01: +0,41.803,414,Field-Tested,Covert
Jan 03 2015 01: +0,42.494,404,Field-Tested,Covert
Jan 04 2015 01: +0,42.812,358,Field-Tested,Covert
Jan 05 2015 01: +0,42.766,350,Field-Tested,Covert
Jan 06 2015 01: +0,43.424,322,Field-Tested,Covert
Jan 07 2015 01: +0,42.69,303,Field-Tested,Covert
Jan 08 2015 01: +0,42.562,344,Field-Tested,Covert
Jan 09 2015 01: +0,39.357,507,Field-Tested,Covert
Jan 10 2015 01: +0,39.369,484,Field-Tested,Covert
Jan 11 2015 01: +0,39.204,454,Field-Tested,Covert
Jan 12 2015 01: +0,39.422,367,Field-Tested,Covert
Jan 13 2015 01: +0,40.439,377,Field-Tested,Covert
Jan 14 2015 01: +0,40.305,376,Field-Tested,Covert
Jan 15 2015 01: +0,40.508,391,Field-Tested,Covert
Jan 16 2015 01: +0,39.277,409,Field-Tested,Covert
Jan 17 2015 01: +0,38.672,424,Field-Tested,Covert
Jan 18 2015 01: +0,38.579,426,Field-Tested,Covert
Jan 19 2015 01: +0,38.381,386,Field-Tested,Covert
Jan 20 2015 01: +0,38.072,365,Field-Tested,Covert
Jan 21 2015 01: +0,38.162,312,Field-Tested,Covert
Jan 22 2015 01: +0,37.98,352,Field-Tested,Covert
Jan 23 2015 01: +0,38.732,435,Field-Tested,Covert
Jan 24 2015 01: +0,39.879,455,Field-Tested,Covert
Jan 25 2015 01: +0,37.873,484,Field-Tested,Covert
Jan 26 2015 01: +0,36.892,466,Field-Tested,Covert
Jan 27 2015 01: +0,37.271,353,Field-Tested,Covert
Jan 28 2015 01: +0,38.003,317,Field-Tested,Covert
Jan 29 2015 01: +0,36.887,385,Field-Tested,Covert
Jan 30 2015 01: +0,38.515,506,Field-Tested,Covert
Jan 31 2015 01: +0,39.464,456,Field-Tested,Covert
Feb 01 2015 01: +0,37.896,504,Field-Tested,Covert
Feb 02 2015 01: +0,38.213,381,Field-Tested,Covert
Feb 03 2015 01: +0,38.964,417,Field-Tested,Covert
Feb 04 2015 01: +0,39.24,421,Field-Tested,Covert
Feb 05 2015 01: +0,38.934,442,Field-Tested,Covert
Feb 06 2015 01: +0,38.357,464,Field-Tested,Covert
Feb 07 2015 01: +0,39.427,505,Field-Tested,Covert
Feb 08 2015 01: +0,38.046,473,Field-Tested,Covert
Feb 09 2015 01: +0,38.59,342,Field-Tested,Covert
Feb 10 2015 01: +0,38.313,317,Field-Tested,Covert
Feb 11 2015 01: +0,37.366,356,Field-Tested,Covert
Feb 12 2015 01: +0,37.079,400,Field-Tested,Covert
Feb 13 2015 01: +0,38.52,427,Field-Tested,Covert
Feb 14 2015 01: +0,39.012,502,Field-Tested,Covert
Feb 15 2015 01: +0,38.62,453,Field-Tested,Covert
Feb 16 2015 01: +0,37.629,464,Field-Tested,Covert
Feb 17 2015 01: +0,38.037,401,Field-Tested,Covert
Feb 18 2015 01: +0,37.984,403,Field-Tested,Covert
Feb 19 2015 01: +0,37.822,418,Field-Tested,Covert
Feb 20 2015 01: +0,38.616,476,Field-Tested,Covert
Feb 21 2015 01: +0,37.431,396,Field-Tested,Covert
Feb 22 2015 01: +0,37.171,374,Field-Tested,Covert
Feb 23 2015 01: +0,36.973,358,Field-Tested,Covert
Feb 24 2015 01: +0,37.306,344,Field-Tested,Covert
Feb 25 2015 01: +0,38.112,363,Field-Tested,Covert
Feb 26 2015 01: +0,38.793,381,Field-Tested,Covert
Feb 27 2015 01: +0,38.749,462,Field-Tested,Covert
Feb 28 2015 01: +0,38.518,436,Field-Tested,Covert
Mar 01 2015 01: +0,37.725,424,Field-Tested,Covert
Mar 02 2015 01: +0,37.682,372,Field-Tested,Covert
Mar 03 2015 01: +0,37.942,330,Field-Tested,Covert
Mar 04 2015 01: +0,38.232,368,Field-Tested,Covert
Mar 05 2015 01: +0,38.809,352,Field-Tested,Covert
Mar 06 2015 01: +0,38.69,436,Field-Tested,Covert
Mar 07 2015 01: +0,38.035,421,Field-Tested,Covert
Mar 08 2015 01: +0,37.318,420,Field-Tested,Covert
Mar 09 2015 01: +0,36.256,369,Field-Tested,Covert
Mar 10 2015 01: +0,35.679,322,Field-Tested,Covert
Mar 11 2015 01: +0,35.76,319,Field-Tested,Covert
Mar 12 2015 01: +0,36.288,399,Field-Tested,Covert
Mar 13 2015 01: +0,37.038,463,Field-Tested,Covert
Mar 14 2015 01: +0,36.463,551,Field-Tested,Covert
Mar 15 2015 01: +0,34.94,531,Field-Tested,Covert
Mar 16 2015 01: +0,34.9,430,Field-Tested,Covert
Mar 17 2015 01: +0,36.198,364,Field-Tested,Covert
Mar 18 2015 01: +0,35.972,351,Field-Tested,Covert
Mar 19 2015 01: +0,36.522,341,Field-Tested,Covert
Mar 20 2015 01: +0,37.009,427,Field-Tested,Covert
Mar 21 2015 01: +0,37.287,472,Field-Tested,Covert
Mar 22 2015 01: +0,36.474,444,Field-Tested,Covert
Mar 23 2015 01: +0,36.645,433,Field-Tested,Covert
Mar 24 2015 01: +0,37.376,382,Field-Tested,Covert
Mar 25 2015 01: +0,38.091,371,Field-Tested,Covert
Mar 26 2015 01: +0,37.419,376,Field-Tested,Covert
Mar 27 2015 01: +0,37.83,471,Field-Tested,Covert
Mar 28 2015 01: +0,37.68,454,Field-Tested,Covert
Mar 29 2015 01: +0,37.6,453,Field-Tested,Covert
Mar 30 2015 01: +0,36.882,457,Field-Tested,Covert
Mar 31 2015 01: +0,36.386,431,Field-Tested,Covert
Apr 01 2015 01: +0,36.963,554,Field-Tested,Covert
Apr 02 2015 01: +0,37.806,501,Field-Tested,Covert
Apr 03 2015 01: +0,37.943,450,Field-Tested,Covert
Apr 04 2015 01: +0,37.227,551,Field-Tested,Covert
Apr 05 2015 01: +0,37.903,522,Field-Tested,Covert
Apr 06 2015 01: +0,37.61,523,Field-Tested,Covert
Apr 07 2015 01: +0,38.338,600,Field-Tested,Covert
Apr 08 2015 01: +0,38.42,500,Field-Tested,Covert
Apr 09 2015 01: +0,37.968,491,Field-Tested,Covert
Apr 10 2015 01: +0,38.801,436,Field-Tested,Covert
Apr 11 2015 01: +0,37.339,584,Field-Tested,Covert
Apr 12 2015 01: +0,36.61,526,Field-Tested,Covert
Apr 13 2015 01: +0,35.253,517,Field-Tested,Covert
Apr 14 2015 01: +0,33.079,539,Field-Tested,Covert
Apr 15 2015 01: +0,32.884,471,Field-Tested,Covert
Apr 16 2015 01: +0,29.177,827,Field-Tested,Covert
Apr 17 2015 01: +0,29.643,739,Field-Tested,Covert
Apr 18 2015 01: +0,29.717,709,Field-Tested,Covert
Apr 19 2015 01: +0,29.396,527,Field-Tested,Covert
Apr 20 2015 01: +0,28.696,561,Field-Tested,Covert
Apr 21 2015 01: +0,29.737,516,Field-Tested,Covert
Apr 22 2015 01: +0,30.076,436,Field-Tested,Covert
Apr 23 2015 01: +0,30.113,456,Field-Tested,Covert
Apr 24 2015 01: +0,30.563,497,Field-Tested,Covert
Apr 25 2015 01: +0,30.887,631,Field-Tested,Covert
