Steam_scrapper/Database_of_items_price/AK-47 _ Vulcan Field-Tested.csv
Date,Price,Quantity Sold,exterior,rarity
Apr 18 2016 01: +0,28.354,270,Field-Tested,Covert
Apr 19 2016 01: +0,28.309,250,Field-Tested,Covert
Apr 20 2016 01: +0,28.685,237,Field-Tested,Covert
Apr 21 2016 01: +0,28.967,257,Field-Tested,Covert
Apr 22 2016 01: +0,28.411,313,Field-Tested,Covert
Apr 23 2016 01: +0,28.72,326,Field-Tested,Covert
Apr 24 2016 01: +0,28.001,316,Field-Tested,Covert
Apr 25 2016 01: +0,28.624,268,Field-Tested,Covert
Apr 26 2016 01: +0,28.49,255,Field-Tested,Covert
Apr 27 2016 01: +0,28.872,235,Field-Tested,Covert
Apr 28 2016 01: +0,28.587,294,Field-Tested,Covert
Apr 29 2016 01: +0,28.774,320,Field-Tested,Covert
Apr 30 2016 01: +0,29.742,293,Field-Tested,Covert
May 01 2016 01: +0,28.883,318,Field-Tested,Covert
May 02 2016 01: +0,29.62,288,Field-Tested,Covert
May 03 2016 01: +0,29.591,260,Field-Tested,Covert
May 04 2016 01: +0,28.655,249,Field-Tested,Covert
May 05 2016 01: +0,29.035,263,Field-Tested,Covert
May 06 2016 01: +0,29.563,306,Field-Tested,Covert
May 07 2016 01: +0,29.167,267,Field-Tested,Covert
May 08 2016 01: +0,29.179,232,Field-Tested,Covert
May 09 2016 01: +0,28.661,244,Field-Tested,Covert
May 10 2016 01: +0,28.2,204,Field-Tested,Covert
May 11 2016 01: +0,28.497,251,Field-Tested,Covert
May 12 2016 01: +0,28.184,232,Field-Tested,Covert
May 13 2016 01: +0,28.145,253,Field-Tested,Covert
May 14 2016 01: +0,28.618,314,Field-Tested,Covert
May 15 2016 01: +0,27.147,346,Field-Tested,Covert
May 16 2016 01: +0,27.284,275,Field-Tested,Covert
May 17 2016 01: +0,25.944,272,Field-Tested,Covert
May 18 2016 01: +0,25.3,265,Field-Tested,Covert
May 19 2016 01: +0,25.666,266,Field-Tested,Covert
May 20 2016 01: +0,26.203,287,Field-Tested,Covert
May 21 2016 01: +0,25.56,378,Field-Tested,Covert
May 22 2016 01: +0,24.602,373,Field-Tested,Covert
May 23 2016 01: +0,24.194,283,Field-Tested,Covert
May 24 2016 01: +0,24.518,240,Field-Tested,Covert
May 25 2016 01: +0,24.35,283,Field-Tested,Covert
May 26 2016 01: +0,24.701,301,Field-Tested,Covert
May 27 2016 01: +0,25.221,287,Field-Tested,Covert
May 28 2016 01: +0,25.047,266,Field-Tested,Covert
May 29 2016 01: +0,25.058,236,Field-Tested,Covert
May 30 2016 01: +0,25.442,259,Field-Tested,Covert
May 31 2016 01: +0,26.109,261,Field-Tested,Covert
Jun 01 2016 01: +0,25.889,346,Field-Tested,Covert
Jun 02 2016 01: +0,25.514,278,Field-Tested,Covert
Jun 03 2016 01: +0,25.191,364,Field-Tested,Covert
Jun 04 2016 01: +0,24.284,392,Field-Tested,Covert
Jun 05 2016 01: +0,23.731,285,Field-Tested,Covert
Jun 06 2016 01: +0,23.806,306,Field-Tested,Covert
Jun 07 2016 01: +0,24.386,247,Field-Tested,Covert
Jun 08 2016 01: +0,23.979,281,Field-Tested,Covert
Jun 09 2016 01: +0,23.616,276,Field-Tested,Covert
Jun 10 2016 01: +0,23.683,305,Field-Tested,Covert
Jun 11 2016 01: +0,23.778,328,Field-Tested,Covert
Jun 12 2016 01: +0,23.339,305,Field-Tested,Covert
Jun 13 2016 01: +0,23.487,330,Field-Tested,Covert
Jun 14 2016 01: +0,23.815,281,Field-Tested,Covert
Jun 15 2016 01: +0,23.298,280,Field-Tested,Covert
Jun 16 2016 01: +0,22.612,348,Field-Tested,Covert
Jun 17 2016 01: +0,22.641,358,Field-Tested,Covert
Jun 18 2016 01: +0,22.599,305,Field-Tested,Covert
Jun 19 2016 01: +0,22.658,295,Field-Tested,Covert
Jun 20 2016 01: +0,22.441,326,Field-Tested,Covert
Jun 21 2016 01: +0,22.404,329,Field-Tested,Covert
Jun 22 2016 01: +0,20.951,347,Field-Tested,Covert
Jun 23 2016 01: +0,19.076,470,Field-Tested,Covert
Jun 24 2016 01: +0,19.134,565,Field-Tested,Covert
Jun 25 2016 01: +0,19.114,512,Field-Tested,Covert
Jun 26 2016 01: +0,19.03,434,Field-Tested,Covert
Jun 27 2016 01: +0,18.889,431,Field-Tested,Covert
Jun 28 2016 01: +0,19.533,356,Field-Tested,Covert
Jun 29 2016 01: +0,19.05,366,Field-Tested,Covert
Jun 30 2016 01: +0,19.117,362,Field-Tested,Covert
Jul 01 2016 01: +0,19.029,438,Field-Tested,Covert
Jul 02 2016 01: +0,19.085,390,Field-Tested,Covert
Jul 03 2016 01: +0,19.087,375,Field-Tested,Covert
Jul 04 2016 01: +0,19.246,403,Field-Tested,Covert
Jul 05 2016 01: +0,21.309,356,Field-Tested,Covert
Jul 06 2016 01: +0,22.587,348,Field-Tested,Covert
Jul 07 2016 01: +0,22.619,354,Field-Tested,Covert
Jul 08 2016 01: +0,22.841,366,Field-Tested,Covert
Jul 09 2016 01: +0,22.452,371,Field-Tested,Covert
Jul 10 2016 01: +0,20.431,469,Field-Tested,Covert
Jul 11 2016 01: +0,21.709,356,Field-Tested,Covert
Jul 12 2016 01: +0,22.223,345,Field-Tested,Covert
Jul 13 2016 01: +0,23.115,327,Field-Tested,Covert
Jul 14 2016 01: +0,21.512,365,Field-Tested,Covert
Jul 15 2016 01: +0,21.854,329,Field-Tested,Covert
Jul 16 2016 01: +0,22.57,318,Field-Tested,Covert
Jul 17 2016 01: +0,21.903,327,Field-Tested,Covert
Jul 18 2016 01: +0,22.198,302,Field-Tested,Covert
Jul 19 2016 01: +0,21.99,307,Field-Tested,Covert
Jul 20 2016 01: +0,21.592,317,Field-Tested,Covert
Jul 21 2016 01: +0,21.391,261,Field-Tested,Covert
Jul 22 2016 01: +0,21.293,301,Field-Tested,Covert
Jul 23 2016 01: +0,20.491,318,Field-Tested,Covert
Jul 24 2016 01: +0,20.598,295,Field-Tested,Covert
Jul 25 2016 01: +0,20.538,338,Field-Tested,Covert
Jul 26 2016 01: +0,20.557,300,Field-Tested,Covert
Jul 27 2016 01: +0,21.0,318,Field-Tested,Covert
Jul 28 2016 01: +0,21.08,299,Field-Tested,Covert
Jul 29 2016 01: +0,20.471,330,Field-Tested,Covert
Jul 30 2016 01: +0,20.443,332,Field-Tested,Covert
Jul 31 2016 01: +0,20.125,330,Field-Tested,Covert
Aug 01 2016 01: +0,19.914,453,Field-Tested,Covert
Aug 02 2016 01: +0,19.702,393,Field-Tested,Covert
Aug 03 2016 01: +0,18.941,362,Field-Tested,Covert
Aug 04 2016 01: +0,18.562,373,Field-Tested,Covert
Aug 05 2016 01: +0,19.321,377,Field-Tested,Covert
Aug 06 2016 01: +0,19.606,327,Field-Tested,Covert
Aug 07 2016 01: +0,18.69,377,Field-Tested,Covert
Aug 08 2016 01: +0,18.288,393,Field-Tested,Covert
Aug 09 2016 01: +0,18.315,322,Field-Tested,Covert
Aug 10 2016 01: +0,18.131,321,Field-Tested,Covert
Aug 11 2016 01: +0,18.189,342,Field-Tested,Covert
Aug 12 2016 01: +0,18.33,348,Field-Tested,Covert
Aug 13 2016 01: +0,18.186,385,Field-Tested,Covert
Aug 14 2016 01: +0,17.822,349,Field-Tested,Covert
Aug 15 2016 01: +0,18.895,346,Field-Tested,Covert
Aug 16 2016 01: +0,19.124,308,Field-Tested,Covert
Aug 17 2016 01: +0,18.813,353,Field-Tested,Covert
Aug 18 2016 01: +0,18.712,359,Field-Tested,Covert
Aug 19 2016 01: +0,17.995,447,Field-Tested,Covert
Aug 20 2016 01: +0,18.093,414,Field-Tested,Covert
Aug 21 2016 01: +0,18.097,446,Field-Tested,Covert
Aug 22 2016 01: +0,17.94,396,Field-Tested,Covert
Aug 23 2016 01: +0,17.978,377,Field-Tested,Covert
Aug 24 2016 01: +0,17.847,372,Field-Tested,Covert
Aug 25 2016 01: +0,18.303,341,Field-Tested,Covert
Aug 26 2016 01: +0,18.211,372,Field-Tested,Covert
Aug 27 2016 01: +0,18.927,377,Field-Tested,Covert
Aug 28 2016 01: +0,19.131,364,Field-Tested,Covert
Aug 29 2016 01: +0,19.179,374,Field-Tested,Covert
Aug 30 2016 01: +0,19.114,350,Field-Tested,Covert
Aug 31 2016 01: +0,19.281,311,Field-Tested,Covert
Sep 01 2016 01: +0,19.417,316,Field-Tested,Covert
Sep 02 2016 01: +0,19.839,343,Field-Tested,Covert
Sep 03 2016 01: +0,19.494,402,Field-Tested,Covert
Sep 04 2016 01: +0,19.124,354,Field-Tested,Covert
Sep 05 2016 01: +0,19.18,364,Field-Tested,Covert
Sep 06 2016 01: +0,19.455,366,Field-Tested,Covert
Sep 07 2016 01: +0,19.28,314,Field-Tested,Covert
Sep 08 2016 01: +0,19.433,290,Field-Tested,Covert
Sep 09 2016 01: +0,19.445,333,Field-Tested,Covert
Sep 10 2016 01: +0,19.265,409,Field-Tested,Covert
Sep 11 2016 01: +0,19.395,383,Field-Tested,Covert
Sep 12 2016 01: +0,19.981,275,Field-Tested,Covert
Sep 13 2016 01: +0,20.517,240,Field-Tested,Covert
Sep 14 2016 01: +0,20.266,238,Field-Tested,Covert
Sep 15 2016 01: +0,20.503,276,Field-Tested,Covert
Sep 16 2016 01: +0,20.282,317,Field-Tested,Covert
Sep 17 2016 01: +0,19.852,355,Field-Tested,Covert
Sep 18 2016 01: +0,19.398,350,Field-Tested,Covert
Sep 19 2016 01: +0,19.613,300,Field-Tested,Covert
Sep 20 2016 01: +0,19.667,239,Field-Tested,Covert
Sep 21 2016 01: +0,19.339,264,Field-Tested,Covert
Sep 22 2016 01: +0,19.175,225,Field-Tested,Covert
Sep 23 2016 01: +0,19.496,298,Field-Tested,Covert
Sep 24 2016 01: +0,19.967,411,Field-Tested,Covert
Sep 25 2016 01: +0,19.798,352,Field-Tested,Covert
Sep 26 2016 01: +0,19.589,291,Field-Tested,Covert
Sep 27 2016 01: +0,19.963,284,Field-Tested,Covert
Sep 28 2016 01: +0,19.768,256,Field-Tested,Covert
Sep 29 2016 01: +0,19.984,262,Field-Tested,Covert
Sep 30 2016 01: +0,19.908,304,Field-Tested,Covert
Oct 01 2016 01: +0,19.719,346,Field-Tested,Covert
Oct 02 2016 01: +0,19.412,346,Field-Tested,Covert
Oct 03 2016 01: +0,18.838,329,Field-Tested,Covert
Oct 04 2016 01: +0,19.419,266,Field-Tested,Covert
Oct 05 2016 01: +0,19.452,284,Field-Tested,Covert
Oct 06 2016 01: +0,19.054,283,Field-Tested,Covert
Oct 07 2016 01: +0,19.078,325,Field-Tested,Covert
Oct 08 2016 01: +0,19.496,380,Field-Tested,Covert
Oct 09 2016 01: +0,19.308,331,Field-Tested,Covert
Oct 10 2016 01: +0,19.935,301,Field-Tested,Covert
Oct 11 2016 01: +0,19.459,289,Field-Tested,Covert
Oct 12 2016 01: +0,19.232,301,Field-Tested,Covert
Oct 13 2016 01: +0,19.053,272,Field-Tested,Covert
Oct 14 2016 01: +0,19.294,321,Field-Tested,Covert
Oct 15 2016 01: +0,19.494,299,Field-Tested,Covert
Oct 16 2016 01: +0,19.55,353,Field-Tested,Covert
Oct 17 2016 01: +0,19.408,231,Field-Tested,Covert
Oct 18 2016 01: +0,19.613,297,Field-Tested,Covert
Oct 19 2016 01: +0,19.49,213,Field-Tested,Covert
Oct 20 2016 01: +0,19.188,267,Field-Tested,Covert
Oct 21 2016 01: +0,19.177,277,Field-Tested,Covert
Oct 22 2016 01: +0,19.609,318,Field-Tested,Covert
Oct 23 2016 01: +0,19.106,274,Field-Tested,Covert
Oct 24 2016 01: +0,18.48,248,Field-Tested,Covert
Oct 25 2016 01: +0,18.247,269,Field-Tested,Covert
Oct 26 2016 01: +0,17.725,262,Field-Tested,Covert
Oct 27 2016 01: +0,17.952,247,Field-Tested,Covert
Oct 28 2016 01: +0,17.45,287,Field-Tested,Covert
Oct 29 2016 01: +0,16.689,403,Field-Tested,Covert
Oct 30 2016 01: +0,16.858,307,Field-Tested,Covert
Oct 31 2016 01: +0,16.842,322,Field-Tested,Covert
Nov 01 2016 01: +0,17.492,287,Field-Tested,Covert
Nov 02 2016 01: +0,18.338,256,Field-Tested,Covert
Nov 03 2016 01: +0,19.116,185,Field-Tested,Covert
Nov 04 2016 01: +0,19.265,324,Field-Tested,Covert
Nov 05 2016 01: +0,18.749,364,Field-Tested,Covert
Nov 06 2016 01: +0,19.903,282,Field-Tested,Covert
Nov 07 2016 01: +0,19.154,230,Field-Tested,Covert
Nov 08 2016 01: +0,19.351,253,Field-Tested,Covert
Nov 09 2016 01: +0,19.449,195,Field-Tested,Covert
Nov 10 2016 01: +0,19.564,236,Field-Tested,Covert
Nov 11 2016 01: +0,19.522,317,Field-Tested,Covert
Nov 12 2016 01: +0,19.312,333,Field-Tested,Covert
Nov 13 2016 01: +0,19.281,328,Field-Tested,Covert
Nov 14 2016 01: +0,19.004,233,Field-Tested,Covert
Nov 15 2016 01: +0,19.36,258,Field-Tested,Covert
Nov 16 2016 01: +0,18.975,214,Field-Tested,Covert
Nov 17 2016 01: +0,19.395,247,Field-Tested,Covert
Nov 18 2016 01: +0,19.717,261,Field-Tested,Covert
Nov 19 2016 01: +0,19.518,315,Field-Tested,Covert
Nov 20 2016 01: +0,19.467,262,Field-Tested,Covert
Nov 21 2016 01: +0,18.86,237,Field-Tested,Covert
Nov 22 2016 01: +0,19.157,220,Field-Tested,Covert
Nov 23 2016 01: +0,18.602,225,Field-Tested,Covert
Nov 24 2016 01: +0,17.011,303,Field-Tested,Covert
Nov 25 2016 01: +0,17.21,383,Field-Tested,Covert
Nov 26 2016 01: +0,17.308,367,Field-Tested,Covert
Nov 27 2016 01: +0,16.952,308,Field-Tested,Covert
Nov 28 2016 01: +0,17.197,243,Field-Tested,Covert
Nov 29 2016 01: +0,17.04,298,Field-Tested,Covert
Nov 30 2016 01: +0,17.849,248,Field-Tested,Covert
Dec 01 2016 01: +0,18.719,241,Field-Tested,Covert
Dec 02 2016 01: +0,19.164,269,Field-Tested,Covert
Dec 03 2016 01: +0,19.213,333,Field-Tested,Covert
Dec 04 2016 01: +0,19.075,330,Field-Tested,Covert
Dec 05 2016 01: +0,19.081,261,Field-Tested,Covert
Dec 06 2016 01: +0,19.43,296,Field-Tested,Covert
Dec 07 2016 01: +0,19.198,243,Field-Tested,Covert
Dec 08 2016 01: +0,19.53,255,Field-Tested,Covert
Dec 09 2016 01: +0,20.003,264,Field-Tested,Covert
Dec 10 2016 01: +0,20.669,287,Field-Tested,Covert
Dec 11 2016 01: +0,20.166,272,Field-Tested,Covert
Dec 12 2016 01: +0,19.502,259,Field-Tested,Covert
Dec 13 2016 01: +0,19.68,234,Field-Tested,Covert
Dec 14 2016 01: +0,19.843,233,Field-Tested,Covert
Dec 15 2016 01: +0,19.497,237,Field-Tested,Covert
Dec 16 2016 01: +0,19.089,245,Field-Tested,Covert
Dec 17 2016 01: +0,19.436,279,Field-Tested,Covert
Dec 18 2016 01: +0,19.05,308,Field-Tested,Covert
Dec 19 2016 01: +0,19.126,260,Field-Tested,Covert
Dec 20 2016 01: +0,18.793,296,Field-Tested,Covert
Dec 21 2016 01: +0,19.027,264,Field-Tested,Covert
Dec 22 2016 01: +0,18.858,317,Field-Tested,Covert
Dec 23 2016 01: +0,18.249,309,Field-Tested,Covert
Dec 24 2016 01: +0,19.433,431,Field-Tested,Covert
Dec 25 2016 01: +0,21.703,591,Field-Tested,Covert
Dec 26 2016 01: +0,21.422,497,Field-Tested,Covert
Dec 27 2016 01: +0,21.697,449,Field-Tested,Covert
Dec 28 2016 01: +0,20.926,403,Field-Tested,Covert
Dec 29 2016 01: +0,21.181,367,Field-Tested,Covert
Dec 30 2016 01: +0,21.136,337,Field-Tested,Covert
Dec 31 2016 01: +0,21.499,306,Field-Tested,Covert
Jan 01 2017 01: +0,21.489,332,Field-Tested,Covert
Jan 02 2017 01: +0,20.739,321,Field-Tested,Covert
Jan 03 2017 01: +0,22.265,300,Field-Tested,Covert
Jan 04 2017 01: +0,22.355,266,Field-Tested,Covert
Jan 05 2017 01: +0,22.512,281,Field-Tested,Covert
Jan 06 2017 01: +0,23.162,268,Field-Tested,Covert
Jan 07 2017 01: +0,23.219,277,Field-Tested,Covert
Jan 08 2017 01: +0,23.515,254,Field-Tested,Covert
Jan 09 2017 01: +0,23.613,252,Field-Tested,Covert
Jan 10 2017 01: +0,23.601,222,Field-Tested,Covert
Jan 11 2017 01: +0,23.011,228,Field-Tested,Covert
Jan 12 2017 01: +0,23.118,218,Field-Tested,Covert
Jan 13 2017 01: +0,22.815,312,Field-Tested,Covert
Jan 14 2017 01: +0,22.915,288,Field-Tested,Covert
Jan 15 2017 01: +0,22.456,268,Field-Tested,Covert
Jan 16 2017 01: +0,22.394,263,Field-Tested,Covert
Jan 17 2017 01: +0,22.826,248,Field-Tested,Covert
Jan 18 2017 01: +0,22.737,216,Field-Tested,Covert
Jan 19 2017 01: +0,22.584,216,Field-Tested,Covert
Jan 20 2017 01: +0,21.977,274,Field-Tested,Covert
Jan 21 2017 01: +0,22.296,257,Field-Tested,Covert
Jan 22 2017 01: +0,22.167,262,Field-Tested,Covert
Jan 23 2017 01: +0,22.362,236,Field-Tested,Covert
Jan 24 2017 01: +0,22.852,238,Field-Tested,Covert
Jan 25 2017 01: +0,23.768,251,Field-Tested,Covert
Jan 26 2017 01: +0,24.864,220,Field-Tested,Covert
Jan 27 2017 01: +0,23.474,284,Field-Tested,Covert
Jan 28 2017 01: +0,24.13,297,Field-Tested,Covert
Jan 29 2017 01: +0,23.854,281,Field-Tested,Covert
Jan 30 2017 01: +0,24.27,269,Field-Tested,Covert
Jan 31 2017 01: +0,24.569,251,Field-Tested,Covert
Feb 01 2017 01: +0,24.556,249,Field-Tested,Covert
Feb 02 2017 01: +0,24.936,251,Field-Tested,Covert
Feb 03 2017 01: +0,24.95,248,Field-Tested,Covert
Feb 04 2017 01: +0,24.978,282,Field-Tested,Covert
Feb 05 2017 01: +0,24.689,259,Field-Tested,Covert
Feb 06 2017 01: +0,24.186,192,Field-Tested,Covert
Feb 07 2017 01: +0,25.224,208,Field-Tested,Covert
Feb 08 2017 01: +0,25.243,186,Field-Tested,Covert
Feb 09 2017 01: +0,25.784,184,Field-Tested,Covert
Feb 10 2017 01: +0,26.28,269,Field-Tested,Covert
Feb 11 2017 01: +0,26.488,285,Field-Tested,Covert
Feb 12 2017 01: +0,25.604,227,Field-Tested,Covert
Feb 13 2017 01: +0,26.714,213,Field-Tested,Covert
Feb 14 2017 01: +0,25.28,207,Field-Tested,Covert
Feb 15 2017 01: +0,24.585,207,Field-Tested,Covert
Feb 16 2017 01: +0,24.237,209,Field-Tested,Covert
Feb 17 2017 01: +0,24.864,225,Field-Tested,Covert
Feb 18 2017 01: +0,24.439,247,Field-Tested,Covert
Feb 19 2017 01: +0,23.885,235,Field-Tested,Covert
Feb 20 2017 01: +0,23.288,228,Field-Tested,Covert
Feb 21 2017 01: +0,23.223,201,Field-Tested,Covert
Feb 22 2017 01: +0,24.374,159,Field-Tested,Covert
Feb 23 2017 01: +0,24.885,174,Field-Tested,Covert
Feb 24 2017 01: +0,25.364,214,Field-Tested,Covert
Feb 25 2017 01: +0,26.43,236,Field-Tested,Covert
Feb 26 2017 01: +0,25.721,213,Field-Tested,Covert
Feb 27 2017 01: +0,25.842,190,Field-Tested,Covert
Feb 28 2017 01: +0,25.507,188,Field-Tested,Covert
Mar 01 2017 01: +0,26.148,199,Field-Tested,Covert
Mar 02 2017 01: +0,25.643,186,Field-Tested,Covert
Mar 03 2017 01: +0,26.344,216,Field-Tested,Covert
Mar 04 2017 01: +0,25.844,245,Field-Tested,Covert
Mar 05 2017 01: +0,25.001,248,Field-Tested,Covert
Mar 06 2017 01: +0,25.458,184,Field-Tested,Covert
Mar 07 2017 01: +0,25.917,171,Field-Tested,Covert
Mar 08 2017 01: +0,25.611,161,Field-Tested,Covert
Mar 09 2017 01: +0,25.243,168,Field-Tested,Covert
Mar 10 2017 01: +0,25.995,188,Field-Tested,Covert
Mar 11 2017 01: +0,26.377,221,Field-Tested,Covert
Mar 12 2017 01: +0,25.474,208,Field-Tested,Covert
Mar 13 2017 01: +0,26.358,227,Field-Tested,Covert
Mar 14 2017 01: +0,26.754,172,Field-Tested,Covert
Mar 15 2017 01: +0,26.605,149,Field-Tested,Covert
Mar 16 2017 01: +0,25.515,234,Field-Tested,Covert
Mar 17 2017 01: +0,25.985,230,Field-Tested,Covert
Mar 18 2017 01: +0,25.771,246,Field-Tested,Covert
Mar 19 2017 01: +0,25.252,210,Field-Tested,Covert
Mar 20 2017 01: +0,25.123,207,Field-Tested,Covert
Mar 21 2017 01: +0,25.23,191,Field-Tested,Covert
Mar 22 2017 01: +0,25.12,161,Field-Tested,Covert
Mar 23 2017 01: +0,23.886,189,Field-Tested,Covert
Mar 24 2017 01: +0,23.541,262,Field-Tested,Covert
Mar 25 2017 01: +0,24.128,259,Field-Tested,Covert
Mar 26 2017 01: +0,23.179,234,Field-Tested,Covert
Mar 27 2017 01: +0,22.756,207,Field-Tested,Covert
Mar 28 2017 01: +0,23.702,172,Field-Tested,Covert
Mar 29 2017 01: +0,23.209,238,Field-Tested,Covert
Mar 30 2017 01: +0,24.223,186,Field-Tested,Covert
Mar 31 2017 01: +0,25.405,186,Field-Tested,Covert
Apr 01 2017 01: +0,24.955,221,Field-Tested,Covert
Apr 02 2017 01: +0,24.307,195,Field-Tested,Covert
Apr 03 2017 01: +0,24.075,168,Field-Tested,Covert
Apr 04 2017 01: +0,24.433,189,Field-Tested,Covert
Apr 05 2017 01: +0,24.189,168,Field-Tested,Covert
Apr 06 2017 01: +0,24.069,208,Field-Tested,Covert
Apr 07 2017 01: +0,24.496,204,Field-Tested,Covert
Apr 08 2017 01: +0,24.418,207,Field-Tested,Covert
Apr 09 2017 01: +0,24.185,215,Field-Tested,Covert
Apr 10 2017 01: +0,24.215,189,Field-Tested,Covert
