Steam_scrapper/Database_of_items_price/AK-47 _ Vulcan Field-Tested.csv
Date,Price,Quantity Sold,exterior,rarity
Mar 30 2022 01: +0,128.771,24,Field-Tested,Covert
Mar 31 2022 01: +0,133.547,15,Field-Tested,Covert
Apr 01 2022 01: +0,131.986,12,Field-Tested,Covert
Apr 01 2022 13: +0,126.845,2,Field-Tested,Covert
Apr 01 2022 14: +0,129.998,1,Field-Tested,Covert
Apr 01 2022 15: +0,127.0,1,Field-Tested,Covert
Apr 01 2022 16: +0,126.743,2,Field-Tested,Covert
Apr 01 2022 17: +0,127.217,3,Field-Tested,Covert
Apr 01 2022 18: +0,144.036,1,Field-Tested,Covert
Apr 01 2022 21: +0,127.48,2,Field-Tested,Covert
Apr 01 2022 22: +0,127.62,1,Field-Tested,Covert
Apr 01 2022 23: +0,163.258,1,Field-Tested,Covert
Apr 02 2022 04: +0,128.6,1,Field-Tested,Covert
Apr 02 2022 06: +0,128.69,1,Field-Tested,Covert
Apr 02 2022 07: +0,128.73,2,Field-Tested,Covert
Apr 02 2022 09: +0,128.722,1,Field-Tested,Covert
Apr 02 2022 10: +0,130.95,1,Field-Tested,Covert
Apr 02 2022 14: +0,137.642,1,Field-Tested,Covert
Apr 02 2022 15: +0,170.773,2,Field-Tested,Covert
Apr 02 2022 16: +0,139.284,1,Field-Tested,Covert
Apr 02 2022 17: +0,149.98,3,Field-Tested,Covert
Apr 02 2022 18: +0,130.67,1,Field-Tested,Covert
Apr 02 2022 19: +0,138.609,1,Field-Tested,Covert
Apr 02 2022 20: +0,130.68,2,Field-Tested,Covert
Apr 02 2022 21: +0,131.36,1,Field-Tested,Covert
Apr 02 2022 22: +0,131.959,2,Field-Tested,Covert
Apr 03 2022 00: +0,146.507,2,Field-Tested,Covert
Apr 03 2022 01: +0,130.6,1,Field-Tested,Covert
Apr 03 2022 02: +0,142.45,2,Field-Tested,Covert
Apr 03 2022 03: +0,128.69,1,Field-Tested,Covert
Apr 03 2022 04: +0,138.828,1,Field-Tested,Covert
Apr 03 2022 05: +0,145.004,3,Field-Tested,Covert
Apr 03 2022 06: +0,129.84,1,Field-Tested,Covert
Apr 03 2022 09: +0,128.515,2,Field-Tested,Covert
Apr 03 2022 10: +0,130.522,1,Field-Tested,Covert
Apr 03 2022 11: +0,130.7,1,Field-Tested,Covert
Apr 03 2022 12: +0,149.528,2,Field-Tested,Covert
Apr 03 2022 13: +0,154.541,1,Field-Tested,Covert
Apr 03 2022 16: +0,130.24,1,Field-Tested,Covert
Apr 03 2022 17: +0,135.452,2,Field-Tested,Covert
Apr 03 2022 18: +0,140.179,3,Field-Tested,Covert
Apr 03 2022 22: +0,146.217,2,Field-Tested,Covert
Apr 04 2022 01: +0,165.432,1,Field-Tested,Covert
Apr 04 2022 02: +0,173.24,1,Field-Tested,Covert
Apr 04 2022 13: +0,156.056,2,Field-Tested,Covert
Apr 04 2022 15: +0,131.86,1,Field-Tested,Covert
Apr 04 2022 22: +0,133.387,3,Field-Tested,Covert
Apr 04 2022 23: +0,150.616,1,Field-Tested,Covert
Apr 05 2022 00: +0,148.297,1,Field-Tested,Covert
Apr 05 2022 04: +0,132.49,1,Field-Tested,Covert
Apr 05 2022 05: +0,132.53,1,Field-Tested,Covert
Apr 05 2022 07: +0,132.61,1,Field-Tested,Covert
Apr 05 2022 09: +0,138.306,2,Field-Tested,Covert
Apr 05 2022 10: +0,132.5,1,Field-Tested,Covert
Apr 05 2022 11: +0,151.455,2,Field-Tested,Covert
Apr 05 2022 13: +0,125.81,1,Field-Tested,Covert
Apr 05 2022 16: +0,131.86,1,Field-Tested,Covert
Apr 05 2022 18: +0,152.897,2,Field-Tested,Covert
Apr 05 2022 20: +0,144.955,1,Field-Tested,Covert
Apr 06 2022 00: +0,166.75,1,Field-Tested,Covert
Apr 06 2022 02: +0,134.55,1,Field-Tested,Covert
Apr 06 2022 08: +0,139.369,2,Field-Tested,Covert
Apr 06 2022 10: +0,178.858,1,Field-Tested,Covert
Apr 06 2022 12: +0,143.79,1,Field-Tested,Covert
Apr 06 2022 15: +0,100.78,1,Field-Tested,Covert
Apr 06 2022 16: +0,142.835,1,Field-Tested,Covert
Apr 06 2022 18: +0,134.52,2,Field-Tested,Covert
Apr 06 2022 19: +0,136.3,1,Field-Tested,Covert
Apr 06 2022 20: +0,156.828,1,Field-Tested,Covert
Apr 06 2022 21: +0,136.175,2,Field-Tested,Covert
Apr 06 2022 22: +0,136.04,1,Field-Tested,Covert
Apr 06 2022 23: +0,134.12,1,Field-Tested,Covert
Apr 07 2022 01: +0,133.301,2,Field-Tested,Covert
Apr 07 2022 02: +0,136.595,1,Field-Tested,Covert
Apr 07 2022 05: +0,167.79,1,Field-Tested,Covert
Apr 07 2022 06: +0,131.18,2,Field-Tested,Covert
Apr 07 2022 08: +0,136.53,3,Field-Tested,Covert
Apr 07 2022 09: +0,135.72,1,Field-Tested,Covert
Apr 07 2022 10: +0,135.71,1,Field-Tested,Covert
Apr 07 2022 11: +0,134.885,2,Field-Tested,Covert
Apr 07 2022 12: +0,137.275,6,Field-Tested,Covert
Apr 07 2022 15: +0,137.509,2,Field-Tested,Covert
Apr 07 2022 16: +0,139.79,1,Field-Tested,Covert
Apr 07 2022 17: +0,148.56,1,Field-Tested,Covert
Apr 07 2022 19: +0,138.665,4,Field-Tested,Covert
Apr 07 2022 21: +0,136.53,1,Field-Tested,Covert
Apr 07 2022 22: +0,131.15,1,Field-Tested,Covert
Apr 08 2022 00: +0,135.48,1,Field-Tested,Covert
Apr 08 2022 01: +0,133.79,3,Field-Tested,Covert
Apr 08 2022 02: +0,137.6,1,Field-Tested,Covert
Apr 08 2022 07: +0,138.787,1,Field-Tested,Covert
Apr 08 2022 11: +0,141.326,3,Field-Tested,Covert
Apr 08 2022 14: +0,137.79,2,Field-Tested,Covert
Apr 08 2022 15: +0,163.916,1,Field-Tested,Covert
Apr 08 2022 16: +0,139.0,1,Field-Tested,Covert
Apr 08 2022 18: +0,155.13,2,Field-Tested,Covert
Apr 08 2022 20: +0,144.016,1,Field-Tested,Covert
Apr 08 2022 21: +0,139.86,3,Field-Tested,Covert
Apr 08 2022 22: +0,140.85,1,Field-Tested,Covert
Apr 08 2022 23: +0,141.92,1,Field-Tested,Covert
Apr 09 2022 00: +0,138.7,1,Field-Tested,Covert
Apr 09 2022 02: +0,132.848,2,Field-Tested,Covert
Apr 09 2022 03: +0,142.853,2,Field-Tested,Covert
Apr 09 2022 05: +0,141.133,1,Field-Tested,Covert
Apr 09 2022 07: +0,139.47,5,Field-Tested,Covert
Apr 09 2022 08: +0,139.47,1,Field-Tested,Covert
Apr 09 2022 10: +0,138.3,1,Field-Tested,Covert
Apr 09 2022 11: +0,139.44,1,Field-Tested,Covert
Apr 09 2022 13: +0,130.67,1,Field-Tested,Covert
Apr 09 2022 14: +0,145.487,1,Field-Tested,Covert
Apr 09 2022 15: +0,148.406,1,Field-Tested,Covert
Apr 09 2022 16: +0,159.238,1,Field-Tested,Covert
Apr 09 2022 17: +0,174.952,1,Field-Tested,Covert
Apr 09 2022 19: +0,166.863,2,Field-Tested,Covert
Apr 09 2022 20: +0,139.0,1,Field-Tested,Covert
Apr 09 2022 22: +0,138.79,2,Field-Tested,Covert
Apr 09 2022 23: +0,138.51,1,Field-Tested,Covert
Apr 10 2022 00: +0,139.691,2,Field-Tested,Covert
Apr 10 2022 02: +0,140.739,1,Field-Tested,Covert
Apr 10 2022 04: +0,139.0,1,Field-Tested,Covert
Apr 10 2022 10: +0,139.182,1,Field-Tested,Covert
Apr 10 2022 11: +0,142.702,1,Field-Tested,Covert
Apr 10 2022 13: +0,156.06,2,Field-Tested,Covert
Apr 10 2022 14: +0,139.292,2,Field-Tested,Covert
Apr 10 2022 17: +0,138.29,1,Field-Tested,Covert
Apr 10 2022 18: +0,137.6,1,Field-Tested,Covert
Apr 10 2022 19: +0,139.096,2,Field-Tested,Covert
Apr 10 2022 22: +0,138.89,2,Field-Tested,Covert
Apr 10 2022 23: +0,138.2,3,Field-Tested,Covert
Apr 11 2022 02: +0,138.3,3,Field-Tested,Covert
Apr 11 2022 05: +0,139.81,2,Field-Tested,Covert
Apr 11 2022 06: +0,138.3,1,Field-Tested,Covert
Apr 11 2022 11: +0,208.281,1,Field-Tested,Covert
Apr 11 2022 12: +0,138.89,2,Field-Tested,Covert
Apr 11 2022 14: +0,137.608,1,Field-Tested,Covert
Apr 11 2022 16: +0,139.78,3,Field-Tested,Covert
Apr 11 2022 19: +0,130.03,1,Field-Tested,Covert
Apr 11 2022 20: +0,138.63,3,Field-Tested,Covert
Apr 11 2022 21: +0,149.519,1,Field-Tested,Covert
Apr 11 2022 22: +0,140.031,1,Field-Tested,Covert
Apr 12 2022 01: +0,138.53,2,Field-Tested,Covert
Apr 12 2022 06: +0,142.75,2,Field-Tested,Covert
Apr 12 2022 07: +0,139.113,2,Field-Tested,Covert
Apr 12 2022 10: +0,138.705,2,Field-Tested,Covert
Apr 12 2022 11: +0,141.818,2,Field-Tested,Covert
Apr 12 2022 12: +0,139.195,2,Field-Tested,Covert
Apr 12 2022 13: +0,142.331,2,Field-Tested,Covert
Apr 12 2022 17: +0,141.57,2,Field-Tested,Covert
Apr 12 2022 19: +0,141.42,1,Field-Tested,Covert
Apr 12 2022 20: +0,141.971,2,Field-Tested,Covert
Apr 12 2022 21: +0,155.011,2,Field-Tested,Covert
Apr 12 2022 22: +0,158.409,2,Field-Tested,Covert
Apr 12 2022 23: +0,226.27,3,Field-Tested,Covert
Apr 13 2022 00: +0,163.1,1,Field-Tested,Covert
Apr 13 2022 03: +0,144.06,1,Field-Tested,Covert
Apr 13 2022 10: +0,150.083,2,Field-Tested,Covert
Apr 13 2022 11: +0,163.091,1,Field-Tested,Covert
Apr 13 2022 12: +0,149.5,1,Field-Tested,Covert
Apr 13 2022 13: +0,143.47,2,Field-Tested,Covert
Apr 13 2022 15: +0,140.3,2,Field-Tested,Covert
Apr 13 2022 18: +0,143.84,1,Field-Tested,Covert
Apr 13 2022 19: +0,213.04,1,Field-Tested,Covert
Apr 13 2022 20: +0,138.47,1,Field-Tested,Covert
Apr 13 2022 21: +0,168.53,1,Field-Tested,Covert
Apr 13 2022 22: +0,144.0,1,Field-Tested,Covert
Apr 14 2022 00: +0,140.47,1,Field-Tested,Covert
Apr 14 2022 01: +0,143.78,1,Field-Tested,Covert
Apr 14 2022 08: +0,144.12,1,Field-Tested,Covert
Apr 14 2022 10: +0,174.006,1,Field-Tested,Covert
Apr 14 2022 11: +0,144.72,2,Field-Tested,Covert
Apr 14 2022 14: +0,142.56,2,Field-Tested,Covert
Apr 14 2022 15: +0,154.673,1,Field-Tested,Covert
Apr 14 2022 16: +0,142.67,2,Field-Tested,Covert
Apr 14 2022 17: +0,149.498,1,Field-Tested,Covert
Apr 14 2022 19: +0,145.55,1,Field-Tested,Covert
Apr 14 2022 21: +0,145.62,1,Field-Tested,Covert
Apr 14 2022 22: +0,145.74,1,Field-Tested,Covert
Apr 14 2022 23: +0,145.5,1,Field-Tested,Covert
Apr 15 2022 02: +0,144.81,1,Field-Tested,Covert
Apr 15 2022 11: +0,144.99,1,Field-Tested,Covert
Apr 15 2022 13: +0,144.91,2,Field-Tested,Covert
Apr 15 2022 14: +0,173.635,1,Field-Tested,Covert
Apr 15 2022 15: +0,145.08,5,Field-Tested,Covert
Apr 15 2022 16: +0,145.095,2,Field-Tested,Covert
Apr 15 2022 17: +0,145.1,1,Field-Tested,Covert
Apr 15 2022 18: +0,155.87,1,Field-Tested,Covert
Apr 15 2022 19: +0,123.358,1,Field-Tested,Covert
Apr 15 2022 20: +0,174.951,1,Field-Tested,Covert
Apr 15 2022 21: +0,149.391,1,Field-Tested,Covert
Apr 15 2022 23: +0,145.28,1,Field-Tested,Covert
Apr 16 2022 05: +0,145.39,1,Field-Tested,Covert
Apr 16 2022 07: +0,145.29,4,Field-Tested,Covert
Apr 16 2022 08: +0,145.16,1,Field-Tested,Covert
Apr 16 2022 09: +0,194.46,1,Field-Tested,Covert
Apr 16 2022 16: +0,145.88,1,Field-Tested,Covert
Apr 16 2022 18: +0,147.796,4,Field-Tested,Covert
Apr 16 2022 20: +0,150.0,1,Field-Tested,Covert
Apr 17 2022 05: +0,156.015,2,Field-Tested,Covert
Apr 17 2022 07: +0,146.48,1,Field-Tested,Covert
Apr 17 2022 09: +0,146.48,1,Field-Tested,Covert
Apr 17 2022 10: +0,146.7,1,Field-Tested,Covert
Apr 17 2022 11: +0,146.45,1,Field-Tested,Covert
Apr 17 2022 13: +0,161.499,2,Field-Tested,Covert
Apr 17 2022 17: +0,146.39,1,Field-Tested,Covert
Apr 17 2022 18: +0,145.816,1,Field-Tested,Covert
Apr 17 2022 19: +0,145.7,1,Field-Tested,Covert
Apr 17 2022 21: +0,175.015,1,Field-Tested,Covert
Apr 17 2022 22: +0,146.34,1,Field-Tested,Covert
Apr 18 2022 02: +0,182.108,2,Field-Tested,Covert
Apr 18 2022 03: +0,138.0,1,Field-Tested,Covert
Apr 18 2022 04: +0,177.52,1,Field-Tested,Covert
Apr 18 2022 05: +0,146.281,1,Field-Tested,Covert
Apr 18 2022 06: +0,141.606,2,Field-Tested,Covert
Apr 18 2022 07: +0,145.84,1,Field-Tested,Covert
Apr 18 2022 09: +0,142.035,2,Field-Tested,Covert
Apr 18 2022 11: +0,147.404,4,Field-Tested,Covert
Apr 18 2022 12: +0,142.0,3,Field-Tested,Covert
Apr 18 2022 13: +0,157.437,2,Field-Tested,Covert
Apr 18 2022 14: +0,141.88,1,Field-Tested,Covert
Apr 18 2022 15: +0,142.05,3,Field-Tested,Covert
Apr 18 2022 16: +0,144.45,3,Field-Tested,Covert
Apr 18 2022 17: +0,142.005,2,Field-Tested,Covert
Apr 18 2022 20: +0,163.283,2,Field-Tested,Covert
Apr 19 2022 00: +0,152.667,2,Field-Tested,Covert
Apr 19 2022 03: +0,160.39,2,Field-Tested,Covert
Apr 19 2022 06: +0,138.55,1,Field-Tested,Covert
Apr 19 2022 08: +0,140.73,1,Field-Tested,Covert
Apr 19 2022 09: +0,140.73,1,Field-Tested,Covert
Apr 19 2022 12: +0,140.73,1,Field-Tested,Covert
Apr 19 2022 14: +0,157.783,2,Field-Tested,Covert
Apr 19 2022 16: +0,150.049,2,Field-Tested,Covert
Apr 19 2022 17: +0,141.76,4,Field-Tested,Covert
Apr 19 2022 20: +0,142.21,1,Field-Tested,Covert
Apr 19 2022 21: +0,148.556,1,Field-Tested,Covert
Apr 19 2022 22: +0,149.492,1,Field-Tested,Covert
Apr 20 2022 03: +0,136.55,1,Field-Tested,Covert
Apr 20 2022 04: +0,180.152,1,Field-Tested,Covert
Apr 20 2022 06: +0,142.9,1,Field-Tested,Covert
Apr 20 2022 07: +0,142.3,1,Field-Tested,Covert
Apr 20 2022 08: +0,153.174,2,Field-Tested,Covert
Apr 20 2022 09: +0,142.4,1,Field-Tested,Covert
Apr 20 2022 14: +0,143.732,1,Field-Tested,Covert
Apr 20 2022 15: +0,148.022,1,Field-Tested,Covert
Apr 20 2022 16: +0,151.253,1,Field-Tested,Covert
Apr 20 2022 17: +0,145.92,4,Field-Tested,Covert
Apr 20 2022 18: +0,142.75,1,Field-Tested,Covert
Apr 20 2022 20: +0,150.723,2,Field-Tested,Covert
Apr 20 2022 23: +0,161.86,1,Field-Tested,Covert
Apr 21 2022 00: +0,143.06,1,Field-Tested,Covert
Apr 21 2022 01: +0,142.83,1,Field-Tested,Covert
Apr 21 2022 02: +0,141.81,1,Field-Tested,Covert
Apr 21 2022 05: +0,196.23,2,Field-Tested,Covert
Apr 21 2022 06: +0,149.969,1,Field-Tested,Covert
Apr 21 2022 09: +0,142.6,1,Field-Tested,Covert
Apr 21 2022 10: +0,143.0,1,Field-Tested,Covert
Apr 21 2022 11: +0,142.57,1,Field-Tested,Covert
Apr 21 2022 14: +0,187.398,1,Field-Tested,Covert
Apr 21 2022 17: +0,145.676,2,Field-Tested,Covert
Apr 21 2022 22: +0,142.57,1,Field-Tested,Covert
Apr 22 2022 00: +0,140.0,1,Field-Tested,Covert
Apr 22 2022 01: +0,143.19,2,Field-Tested,Covert
Apr 22 2022 05: +0,143.275,2,Field-Tested,Covert
Apr 22 2022 06: +0,142.8,1,Field-Tested,Covert
Apr 22 2022 09: +0,143.03,1,Field-Tested,Covert
Apr 22 2022 10: +0,230.0,1,Field-Tested,Covert
Apr 22 2022 12: +0,141.52,1,Field-Tested,Covert
Apr 22 2022 13: +0,141.52,1,Field-Tested,Covert
Apr 22 2022 14: +0,162.741,1,Field-Tested,Covert
Apr 22 2022 16: +0,147.288,1,Field-Tested,Covert
Apr 22 2022 17: +0,143.03,1,Field-Tested,Covert
Apr 22 2022 18: +0,146.642,2,Field-Tested,Covert
Apr 22 2022 19: +0,143.12,1,Field-Tested,Covert
Apr 22 2022 21: +0,142.561,1,Field-Tested,Covert
Apr 22 2022 22: +0,146.451,1,Field-Tested,Covert
Apr 23 2022 00: +0,143.49,1,Field-Tested,Covert
Apr 23 2022 03: +0,142.82,2,Field-Tested,Covert
Apr 23 2022 04: +0,147.5,1,Field-Tested,Covert
Apr 23 2022 05: +0,140.3,1,Field-Tested,Covert
Apr 23 2022 11: +0,162.206,1,Field-Tested,Covert
Apr 23 2022 13: +0,151.442,2,Field-Tested,Covert
Apr 23 2022 14: +0,142.72,1,Field-Tested,Covert
Apr 23 2022 15: +0,142.78,3,Field-Tested,Covert
Apr 23 2022 16: +0,149.187,1,Field-Tested,Covert
Apr 23 2022 18: +0,167.622,1,Field-Tested,Covert
Apr 23 2022 20: +0,154.712,2,Field-Tested,Covert
Apr 23 2022 21: +0,142.95,1,Field-Tested,Covert
Apr 24 2022 01: +0,142.951,3,Field-Tested,Covert
Apr 24 2022 04: +0,141.5,2,Field-Tested,Covert
Apr 24 2022 06: +0,186.22,1,Field-Tested,Covert
Apr 24 2022 09: +0,141.65,3,Field-Tested,Covert
Apr 24 2022 11: +0,149.23,1,Field-Tested,Covert
Apr 24 2022 12: +0,149.352,1,Field-Tested,Covert
Apr 24 2022 16: +0,142.335,2,Field-Tested,Covert
Apr 24 2022 17: +0,145.791,2,Field-Tested,Covert
Apr 24 2022 20: +0,149.22,3,Field-Tested,Covert
Apr 24 2022 22: +0,142.14,1,Field-Tested,Covert
Apr 24 2022 23: +0,141.54,1,Field-Tested,Covert
Apr 25 2022 00: +0,178.007,1,Field-Tested,Covert
Apr 25 2022 07: +0,141.77,2,Field-Tested,Covert
Apr 25 2022 10: +0,141.62,1,Field-Tested,Covert
Apr 25 2022 11: +0,154.336,2,Field-Tested,Covert
Apr 25 2022 12: +0,142.9,1,Field-Tested,Covert
Apr 25 2022 15: +0,141.05,2,Field-Tested,Covert
Apr 25 2022 17: +0,140.93,1,Field-Tested,Covert
Apr 25 2022 19: +0,194.658,1,Field-Tested,Covert
Apr 25 2022 20: +0,141.34,3,Field-Tested,Covert
Apr 25 2022 21: +0,144.957,2,Field-Tested,Covert
Apr 26 2022 06: +0,141.88,1,Field-Tested,Covert
Apr 26 2022 07: +0,140.82,1,Field-Tested,Covert
Apr 26 2022 11: +0,141.44,2,Field-Tested,Covert
Apr 26 2022 15: +0,150.65,1,Field-Tested,Covert
Apr 26 2022 16: +0,141.782,1,Field-Tested,Covert
Apr 26 2022 17: +0,149.181,1,Field-Tested,Covert
Apr 26 2022 19: +0,150.0,1,Field-Tested,Covert
Apr 26 2022 21: +0,141.37,1,Field-Tested,Covert
Apr 26 2022 22: +0,141.4,1,Field-Tested,Covert
Apr 26 2022 23: +0,185.15,1,Field-Tested,Covert
Apr 27 2022 01: +0,141.45,1,Field-Tested,Covert
Apr 27 2022 04: +0,147.31,1,Field-Tested,Covert
Apr 27 2022 05: +0,159.576,1,Field-Tested,Covert
Apr 27 2022 06: +0,141.03,1,Field-Tested,Covert
Apr 27 2022 11: +0,143.671,1,Field-Tested,Covert
Apr 27 2022 13: +0,144.11,1,Field-Tested,Covert
Apr 27 2022 14: +0,141.102,2,Field-Tested,Covert
Apr 27 2022 16: +0,158.014,2,Field-Tested,Covert
Apr 27 2022 17: +0,141.025,3,Field-Tested,Covert
Apr 27 2022 19: +0,140.96,1,Field-Tested,Covert
Apr 27 2022 20: +0,163.15,1,Field-Tested,Covert
Apr 27 2022 23: +0,147.614,1,Field-Tested,Covert
Apr 28 2022 01: +0,137.61,2,Field-Tested,Covert
Apr 28 2022 02: +0,142.2,2,Field-Tested,Covert
Apr 28 2022 03: +0,141.37,1,Field-Tested,Covert
Apr 28 2022 05: +0,141.41,3,Field-Tested,Covert
Apr 28 2022 14: +0,142.4,1,Field-Tested,Covert
Apr 28 2022 15: +0,144.91,2,Field-Tested,Covert
Apr 28 2022 18: +0,141.277,1,Field-Tested,Covert
Apr 28 2022 20: +0,140.65,1,Field-Tested,Covert
Apr 28 2022 23: +0,134.37,1,Field-Tested,Covert
Apr 29 2022 02: +0,140.631,1,Field-Tested,Covert
Apr 29 2022 03: +0,155.607,1,Field-Tested,Covert
Apr 29 2022 07: +0,140.705,1,Field-Tested,Covert
Apr 29 2022 09: +0,153.99,1,Field-Tested,Covert
Apr 29 2022 10: +0,158.539,2,Field-Tested,Covert
Apr 29 2022 11: +0,140.768,2,Field-Tested,Covert
Apr 29 2022 12: +0,154.049,4,Field-Tested,Covert
Apr 29 2022 13: +0,143.471,1,Field-Tested,Covert
Apr 29 2022 15: +0,141.71,1,Field-Tested,Covert
Apr 29 2022 16: +0,140.149,3,Field-Tested,Covert
Apr 29 2022 18: +0,229.278,1,Field-Tested,Covert
Apr 29 2022 19: +0,140.0,1,Field-Tested,Covert
Apr 29 2022 20: +0,142.013,1,Field-Tested,Covert
Apr 29 2022 21: +0,133.99,1,Field-Tested,Covert
Apr 29 2022 22: +0,149.736,1,Field-Tested,Covert
Apr 30 2022 01: +0,138.124,2,Field-Tested,Covert
Apr 30 2022 02: +0,142.084,1,Field-Tested,Covert
Apr 30 2022 05: +0,140.8,3,Field-Tested,Covert
Apr 30 2022 06: +0,140.9,3,Field-Tested,Covert
Apr 30 2022 09: +0,141.56,1,Field-Tested,Covert
Apr 30 2022 10: +0,141.86,1,Field-Tested,Covert
Apr 30 2022 11: +0,158.471,1,Field-Tested,Covert
Apr 30 2022 14: +0,156.83,1,Field-Tested,Covert
Apr 30 2022 15: +0,160.622,2,Field-Tested,Covert
Apr 30 2022 16: +0,141.04,1,Field-Tested,Covert
Apr 30 2022 17: +0,141.5,1,Field-Tested,Covert
Apr 30 2022 19: +0,131.228,2,Field-Tested,Covert
Apr 30 2022 20: +0,142.021,1,Field-Tested,Covert
Apr 30 2022 23: +0,141.8,1,Field-Tested,Covert
May 01 2022 01: +0,179.257,2,Field-Tested,Covert
May 01 2022 04: +0,141.543,1,Field-Tested,Covert
May 01 2022 05: +0,141.6,1,Field-Tested,Covert
May 01 2022 06: +0,141.74,2,Field-Tested,Covert
May 01 2022 08: +0,141.777,2,Field-Tested,Covert
May 01 2022 10: +0,136.82,1,Field-Tested,Covert
